MO DEK_2_4 NULL DEK24.v vlg1C/_d_e_k__2__4.bin 1508421037
MO MUX NULL MUX.v vlg06/_m_u_x.bin 1508421037
MO cnt3 NULL cnt3.v vlg0C/cnt3.bin 1508421037
MO controller_7_Seg NULL controller_7_Seg.v vlg44/controller__7___seg.bin 1508421037
MO BCDCNT NULL Lab5_4/BCDCNT.v vlg56/_b_c_d_c_n_t.bin 1508421037
MO Topmodule NULL Topmodule.v vlg19/_topmodule.bin 1508421037
